node_modules/framer-motion/dist/types.d-DOCC-kZB.d.ts(50,16): error TS2503: Cannot find namespace 'React'.
node_modules/framer-motion/dist/types.d-DOCC-kZB.d.ts(172,14): error TS2552: Cannot find name 'HTMLWebViewElement'. Did you mean 'HTMLVideoElement'?
node_modules/framer-motion/dist/types.d-DOCC-kZB.d.ts(208,45): error TS2503: Cannot find namespace 'React'.
node_modules/framer-motion/dist/types/index.d.ts(1,23): error TS2688: Cannot find type definition file for 'react'.
node_modules/framer-motion/dist/types/index.d.ts(251,131): error TS2503: Cannot find namespace 'React'.
node_modules/framer-motion/dist/types/index.d.ts(304,16): error TS2503: Cannot find namespace 'React'.
node_modules/framer-motion/dist/types/index.d.ts(1293,47): error TS2503: Cannot find namespace 'React'.
node_modules/framer-motion/dist/types/index.d.ts(1301,51): error TS2503: Cannot find namespace 'React'.
node_modules/framer-motion/dist/types/index.d.ts(1301,82): error TS2503: Cannot find namespace 'React'.
src/App.tsx(48,18): error TS6142: Module './components/Auth' was resolved to '/Users/jotapelessa/DEV/OUTROS PROJETOS/a10 pwa3/hevy-clone---fitness-tracker/src/components/Auth.tsx', but '--jsx' is not set.
src/App.tsx(145,5): error TS17004: Cannot use JSX unless the '--jsx' flag is provided.
src/App.tsx(147,9): error TS17004: Cannot use JSX unless the '--jsx' flag is provided.
src/App.tsx(153,11): error TS17004: Cannot use JSX unless the '--jsx' flag is provided.
src/App.tsx(159,13): error TS17004: Cannot use JSX unless the '--jsx' flag is provided.
src/App.tsx(162,13): error TS17004: Cannot use JSX unless the '--jsx' flag is provided.
src/App.tsx(164,17): error TS17004: Cannot use JSX unless the '--jsx' flag is provided.
src/App.tsx(179,13): error TS17004: Cannot use JSX unless the '--jsx' flag is provided.
src/App.tsx(180,15): error TS17004: Cannot use JSX unless the '--jsx' flag is provided.
src/App.tsx(181,15): error TS17004: Cannot use JSX unless the '--jsx' flag is provided.
src/App.tsx(183,13): error TS17004: Cannot use JSX unless the '--jsx' flag is provided.
src/App.tsx(184,15): error TS17004: Cannot use JSX unless the '--jsx' flag is provided.
src/App.tsx(185,15): error TS17004: Cannot use JSX unless the '--jsx' flag is provided.
src/App.tsx(186,15): error TS17004: Cannot use JSX unless the '--jsx' flag is provided.
src/App.tsx(188,13): error TS17004: Cannot use JSX unless the '--jsx' flag is provided.
src/App.tsx(222,7): error TS17004: Cannot use JSX unless the '--jsx' flag is provided.
src/App.tsx(223,9): error TS17004: Cannot use JSX unless the '--jsx' flag is provided.
src/App.tsx(224,9): error TS17004: Cannot use JSX unless the '--jsx' flag is provided.
src/App.tsx(230,12): error TS17004: Cannot use JSX unless the '--jsx' flag is provided.
src/App.tsx(233,10): error TS17004: Cannot use JSX unless the '--jsx' flag is provided.
src/App.tsx(446,5): error TS17004: Cannot use JSX unless the '--jsx' flag is provided.
src/App.tsx(447,7): error TS17004: Cannot use JSX unless the '--jsx' flag is provided.
src/App.tsx(449,7): error TS17004: Cannot use JSX unless the '--jsx' flag is provided.
src/App.tsx(451,11): error TS17004: Cannot use JSX unless the '--jsx' flag is provided.
src/App.tsx(469,7): error TS17004: Cannot use JSX unless the '--jsx' flag is provided.
src/App.tsx(470,9): error TS17004: Cannot use JSX unless the '--jsx' flag is provided.
src/App.tsx(473,9): error TS17004: Cannot use JSX unless the '--jsx' flag is provided.
src/App.tsx(474,11): error TS17004: Cannot use JSX unless the '--jsx' flag is provided.
src/App.tsx(478,7): error TS17004: Cannot use JSX unless the '--jsx' flag is provided.
src/App.tsx(480,9): error TS17004: Cannot use JSX unless the '--jsx' flag is provided.
src/App.tsx(481,11): error TS17004: Cannot use JSX unless the '--jsx' flag is provided.
src/App.tsx(482,13): error TS17004: Cannot use JSX unless the '--jsx' flag is provided.
src/App.tsx(483,15): error TS17004: Cannot use JSX unless the '--jsx' flag is provided.
src/App.tsx(484,17): error TS17004: Cannot use JSX unless the '--jsx' flag is provided.
src/App.tsx(490,11): error TS17004: Cannot use JSX unless the '--jsx' flag is provided.
src/App.tsx(497,15): error TS17004: Cannot use JSX unless the '--jsx' flag is provided.
src/App.tsx(507,17): error TS17004: Cannot use JSX unless the '--jsx' flag is provided.
src/App.tsx(513,11): error TS17004: Cannot use JSX unless the '--jsx' flag is provided.
src/App.tsx(514,13): error TS17004: Cannot use JSX unless the '--jsx' flag is provided.
src/App.tsx(515,15): error TS17004: Cannot use JSX unless the '--jsx' flag is provided.
src/App.tsx(518,15): error TS17004: Cannot use JSX unless the '--jsx' flag is provided.
src/App.tsx(519,17): error TS17004: Cannot use JSX unless the '--jsx' flag is provided.
src/App.tsx(520,17): error TS17004: Cannot use JSX unless the '--jsx' flag is provided.
src/App.tsx(522,15): error TS17004: Cannot use JSX unless the '--jsx' flag is provided.
src/App.tsx(528,7): error TS17004: Cannot use JSX unless the '--jsx' flag is provided.
src/App.tsx(529,9): error TS17004: Cannot use JSX unless the '--jsx' flag is provided.
src/App.tsx(530,11): error TS17004: Cannot use JSX unless the '--jsx' flag is provided.
src/App.tsx(532,15): error TS17004: Cannot use JSX unless the '--jsx' flag is provided.
src/App.tsx(538,17): error TS17004: Cannot use JSX unless the '--jsx' flag is provided.
src/App.tsx(539,19): error TS17004: Cannot use JSX unless the '--jsx' flag is provided.
src/App.tsx(541,17): error TS17004: Cannot use JSX unless the '--jsx' flag is provided.
src/App.tsx(542,19): error TS17004: Cannot use JSX unless the '--jsx' flag is provided.
src/App.tsx(543,19): error TS17004: Cannot use JSX unless the '--jsx' flag is provided.
src/App.tsx(545,17): error TS17004: Cannot use JSX unless the '--jsx' flag is provided.
src/App.tsx(546,19): error TS17004: Cannot use JSX unless the '--jsx' flag is provided.
src/App.tsx(554,9): error TS17004: Cannot use JSX unless the '--jsx' flag is provided.
src/App.tsx(555,9): error TS17004: Cannot use JSX unless the '--jsx' flag is provided.
src/App.tsx(557,13): error TS17004: Cannot use JSX unless the '--jsx' flag is provided.
src/App.tsx(565,17): error TS17004: Cannot use JSX unless the '--jsx' flag is provided.
src/App.tsx(567,19): error TS17004: Cannot use JSX unless the '--jsx' flag is provided.
src/App.tsx(568,21): error TS17004: Cannot use JSX unless the '--jsx' flag is provided.
src/App.tsx(569,23): error TS17004: Cannot use JSX unless the '--jsx' flag is provided.
src/App.tsx(570,25): error TS17004: Cannot use JSX unless the '--jsx' flag is provided.
src/App.tsx(577,23): error TS17004: Cannot use JSX unless the '--jsx' flag is provided.
src/App.tsx(578,25): error TS17004: Cannot use JSX unless the '--jsx' flag is provided.
src/App.tsx(579,25): error TS17004: Cannot use JSX unless the '--jsx' flag is provided.
src/App.tsx(584,21): error TS17004: Cannot use JSX unless the '--jsx' flag is provided.
src/App.tsx(585,23): error TS17004: Cannot use JSX unless the '--jsx' flag is provided.
src/App.tsx(590,19): error TS17004: Cannot use JSX unless the '--jsx' flag is provided.
src/App.tsx(592,21): error TS17004: Cannot use JSX unless the '--jsx' flag is provided.
src/App.tsx(594,25): error TS17004: Cannot use JSX unless the '--jsx' flag is provided.
src/App.tsx(596,29): error TS17004: Cannot use JSX unless the '--jsx' flag is provided.
src/App.tsx(597,31): error TS17004: Cannot use JSX unless the '--jsx' flag is provided.
src/App.tsx(598,31): error TS17004: Cannot use JSX unless the '--jsx' flag is provided.
src/App.tsx(601,27): error TS17004: Cannot use JSX unless the '--jsx' flag is provided.
src/App.tsx(602,29): error TS17004: Cannot use JSX unless the '--jsx' flag is provided.
src/App.tsx(603,31): error TS17004: Cannot use JSX unless the '--jsx' flag is provided.
src/App.tsx(604,31): error TS17004: Cannot use JSX unless the '--jsx' flag is provided.
src/App.tsx(608,29): error TS17004: Cannot use JSX unless the '--jsx' flag is provided.
src/App.tsx(609,48): error TS17004: Cannot use JSX unless the '--jsx' flag is provided.
src/App.tsx(610,29): error TS17004: Cannot use JSX unless the '--jsx' flag is provided.
src/App.tsx(611,29): error TS17004: Cannot use JSX unless the '--jsx' flag is provided.
src/App.tsx(620,21): error TS17004: Cannot use JSX unless the '--jsx' flag is provided.
src/App.tsx(621,23): error TS17004: Cannot use JSX unless the '--jsx' flag is provided.
src/App.tsx(623,27): error TS17004: Cannot use JSX unless the '--jsx' flag is provided.
src/App.tsx(631,31): error TS17004: Cannot use JSX unless the '--jsx' flag is provided.
src/App.tsx(632,33): error TS17004: Cannot use JSX unless the '--jsx' flag is provided.
src/App.tsx(633,33): error TS17004: Cannot use JSX unless the '--jsx' flag is provided.
src/App.tsx(636,29): error TS17004: Cannot use JSX unless the '--jsx' flag is provided.
src/App.tsx(637,31): error TS17004: Cannot use JSX unless the '--jsx' flag is provided.
src/App.tsx(638,33): error TS17004: Cannot use JSX unless the '--jsx' flag is provided.
src/App.tsx(639,33): error TS17004: Cannot use JSX unless the '--jsx' flag is provided.
src/App.tsx(643,31): error TS17004: Cannot use JSX unless the '--jsx' flag is provided.
src/App.tsx(644,70): error TS17004: Cannot use JSX unless the '--jsx' flag is provided.
src/App.tsx(645,31): error TS17004: Cannot use JSX unless the '--jsx' flag is provided.
src/App.tsx(646,31): error TS17004: Cannot use JSX unless the '--jsx' flag is provided.
src/App.tsx(652,29): error TS17004: Cannot use JSX unless the '--jsx' flag is provided.
src/App.tsx(654,33): error TS17004: Cannot use JSX unless the '--jsx' flag is provided.
src/App.tsx(665,21): error TS17004: Cannot use JSX unless the '--jsx' flag is provided.
src/App.tsx(666,23): error TS17004: Cannot use JSX unless the '--jsx' flag is provided.
src/App.tsx(671,25): error TS17004: Cannot use JSX unless the '--jsx' flag is provided.
src/App.tsx(672,25): error TS17004: Cannot use JSX unless the '--jsx' flag is provided.
src/App.tsx(674,23): error TS17004: Cannot use JSX unless the '--jsx' flag is provided.
src/App.tsx(675,25): error TS17004: Cannot use JSX unless the '--jsx' flag is provided.
src/App.tsx(679,27): error TS17004: Cannot use JSX unless the '--jsx' flag is provided.
src/App.tsx(680,27): error TS17004: Cannot use JSX unless the '--jsx' flag is provided.
src/App.tsx(682,25): error TS17004: Cannot use JSX unless the '--jsx' flag is provided.
src/App.tsx(686,27): error TS17004: Cannot use JSX unless the '--jsx' flag is provided.
src/App.tsx(687,27): error TS17004: Cannot use JSX unless the '--jsx' flag is provided.
src/App.tsx(694,21): error TS17004: Cannot use JSX unless the '--jsx' flag is provided.
src/App.tsx(695,23): error TS17004: Cannot use JSX unless the '--jsx' flag is provided.
src/App.tsx(699,25): error TS17004: Cannot use JSX unless the '--jsx' flag is provided.
src/App.tsx(700,25): error TS17004: Cannot use JSX unless the '--jsx' flag is provided.
src/App.tsx(702,23): error TS17004: Cannot use JSX unless the '--jsx' flag is provided.
src/App.tsx(709,25): error TS17004: Cannot use JSX unless the '--jsx' flag is provided.
src/App.tsx(710,25): error TS17004: Cannot use JSX unless the '--jsx' flag is provided.
src/App.tsx(716,19): error TS17004: Cannot use JSX unless the '--jsx' flag is provided.
src/App.tsx(717,21): error TS17004: Cannot use JSX unless the '--jsx' flag is provided.
src/App.tsx(718,23): error TS17004: Cannot use JSX unless the '--jsx' flag is provided.
src/App.tsx(719,25): error TS17004: Cannot use JSX unless the '--jsx' flag is provided.
src/App.tsx(722,23): error TS17004: Cannot use JSX unless the '--jsx' flag is provided.
src/App.tsx(724,21): error TS17004: Cannot use JSX unless the '--jsx' flag is provided.
src/App.tsx(726,25): error TS17004: Cannot use JSX unless the '--jsx' flag is provided.
src/App.tsx(727,27): error TS17004: Cannot use JSX unless the '--jsx' flag is provided.
src/App.tsx(728,27): error TS17004: Cannot use JSX unless the '--jsx' flag is provided.
src/App.tsx(737,21): error TS17004: Cannot use JSX unless the '--jsx' flag is provided.
src/App.tsx(738,23): error TS17004: Cannot use JSX unless the '--jsx' flag is provided.
src/App.tsx(739,23): error TS17004: Cannot use JSX unless the '--jsx' flag is provided.
src/App.tsx(745,21): error TS17004: Cannot use JSX unless the '--jsx' flag is provided.
src/App.tsx(746,23): error TS17004: Cannot use JSX unless the '--jsx' flag is provided.
src/App.tsx(747,25): error TS17004: Cannot use JSX unless the '--jsx' flag is provided.
src/App.tsx(748,27): error TS17004: Cannot use JSX unless the '--jsx' flag is provided.
src/App.tsx(751,25): error TS17004: Cannot use JSX unless the '--jsx' flag is provided.
src/App.tsx(753,29): error TS17004: Cannot use JSX unless the '--jsx' flag is provided.
src/App.tsx(754,31): error TS17004: Cannot use JSX unless the '--jsx' flag is provided.
src/App.tsx(759,23): error TS17004: Cannot use JSX unless the '--jsx' flag is provided.
src/App.tsx(761,27): error TS17004: Cannot use JSX unless the '--jsx' flag is provided.
src/App.tsx(765,29): error TS17004: Cannot use JSX unless the '--jsx' flag is provided.
src/App.tsx(766,31): error TS17004: Cannot use JSX unless the '--jsx' flag is provided.
src/App.tsx(769,31): error TS17004: Cannot use JSX unless the '--jsx' flag is provided.
src/App.tsx(770,33): error TS17004: Cannot use JSX unless the '--jsx' flag is provided.
src/App.tsx(771,33): error TS17004: Cannot use JSX unless the '--jsx' flag is provided.
src/App.tsx(774,29): error TS17004: Cannot use JSX unless the '--jsx' flag is provided.
src/App.tsx(777,29): error TS17004: Cannot use JSX unless the '--jsx' flag is provided.
src/App.tsx(778,31): error TS17004: Cannot use JSX unless the '--jsx' flag is provided.
src/App.tsx(786,19): error TS17004: Cannot use JSX unless the '--jsx' flag is provided.
src/App.tsx(787,21): error TS17004: Cannot use JSX unless the '--jsx' flag is provided.
src/App.tsx(788,21): error TS17004: Cannot use JSX unless the '--jsx' flag is provided.
src/App.tsx(789,21): error TS17004: Cannot use JSX unless the '--jsx' flag is provided.
src/App.tsx(793,23): error TS17004: Cannot use JSX unless the '--jsx' flag is provided.
src/App.tsx(798,19): error TS17004: Cannot use JSX unless the '--jsx' flag is provided.
src/App.tsx(799,21): error TS17004: Cannot use JSX unless the '--jsx' flag is provided.
src/App.tsx(800,23): error TS17004: Cannot use JSX unless the '--jsx' flag is provided.
src/App.tsx(801,23): error TS17004: Cannot use JSX unless the '--jsx' flag is provided.
src/App.tsx(808,25): error TS17004: Cannot use JSX unless the '--jsx' flag is provided.
src/App.tsx(813,21): error TS17004: Cannot use JSX unless the '--jsx' flag is provided.
src/App.tsx(815,25): error TS17004: Cannot use JSX unless the '--jsx' flag is provided.
src/App.tsx(819,27): error TS17004: Cannot use JSX unless the '--jsx' flag is provided.
src/App.tsx(820,29): error TS17004: Cannot use JSX unless the '--jsx' flag is provided.
src/App.tsx(821,31): error TS17004: Cannot use JSX unless the '--jsx' flag is provided.
src/App.tsx(822,31): error TS17004: Cannot use JSX unless the '--jsx' flag is provided.
src/App.tsx(824,29): error TS17004: Cannot use JSX unless the '--jsx' flag is provided.
src/App.tsx(836,35): error TS17004: Cannot use JSX unless the '--jsx' flag is provided.
src/App.tsx(851,27): error TS17004: Cannot use JSX unless the '--jsx' flag is provided.
src/App.tsx(852,29): error TS17004: Cannot use JSX unless the '--jsx' flag is provided.
src/App.tsx(860,31): error TS17004: Cannot use JSX unless the '--jsx' flag is provided.
src/App.tsx(862,29): error TS17004: Cannot use JSX unless the '--jsx' flag is provided.
src/App.tsx(869,31): error TS17004: Cannot use JSX unless the '--jsx' flag is provided.
src/App.tsx(876,21): error TS17004: Cannot use JSX unless the '--jsx' flag is provided.
src/App.tsx(877,24): error TS17004: Cannot use JSX unless the '--jsx' flag is provided.
src/App.tsx(881,25): error TS17004: Cannot use JSX unless the '--jsx' flag is provided.
src/App.tsx(888,17): error TS17004: Cannot use JSX unless the '--jsx' flag is provided.
src/App.tsx(889,19): error TS17004: Cannot use JSX unless the '--jsx' flag is provided.
src/App.tsx(890,21): error TS17004: Cannot use JSX unless the '--jsx' flag is provided.
src/App.tsx(891,23): error TS17004: Cannot use JSX unless the '--jsx' flag is provided.
src/App.tsx(892,23): error TS17004: Cannot use JSX unless the '--jsx' flag is provided.
src/App.tsx(894,21): error TS17004: Cannot use JSX unless the '--jsx' flag is provided.
src/App.tsx(895,23): error TS17004: Cannot use JSX unless the '--jsx' flag is provided.
src/App.tsx(901,23): error TS17004: Cannot use JSX unless the '--jsx' flag is provided.
src/App.tsx(919,21): error TS17004: Cannot use JSX unless the '--jsx' flag is provided.
src/App.tsx(920,23): error TS17004: Cannot use JSX unless the '--jsx' flag is provided.
src/App.tsx(921,25): error TS17004: Cannot use JSX unless the '--jsx' flag is provided.
src/App.tsx(922,25): error TS17004: Cannot use JSX unless the '--jsx' flag is provided.
src/App.tsx(923,27): error TS17004: Cannot use JSX unless the '--jsx' flag is provided.
src/App.tsx(927,29): error TS17004: Cannot use JSX unless the '--jsx' flag is provided.
src/App.tsx(931,23): error TS17004: Cannot use JSX unless the '--jsx' flag is provided.
src/App.tsx(933,25): error TS17004: Cannot use JSX unless the '--jsx' flag is provided.
src/App.tsx(934,27): error TS17004: Cannot use JSX unless the '--jsx' flag is provided.
src/App.tsx(942,25): error TS17004: Cannot use JSX unless the '--jsx' flag is provided.
src/App.tsx(943,27): error TS17004: Cannot use JSX unless the '--jsx' flag is provided.
src/App.tsx(944,27): error TS17004: Cannot use JSX unless the '--jsx' flag is provided.
src/App.tsx(945,27): error TS17004: Cannot use JSX unless the '--jsx' flag is provided.
src/App.tsx(946,27): error TS17004: Cannot use JSX unless the '--jsx' flag is provided.
src/App.tsx(947,27): error TS17004: Cannot use JSX unless the '--jsx' flag is provided.
src/App.tsx(950,27): error TS17004: Cannot use JSX unless the '--jsx' flag is provided.
src/App.tsx(951,29): error TS17004: Cannot use JSX unless the '--jsx' flag is provided.
src/App.tsx(963,29): error TS17004: Cannot use JSX unless the '--jsx' flag is provided.
src/App.tsx(970,29): error TS17004: Cannot use JSX unless the '--jsx' flag is provided.
src/App.tsx(977,29): error TS17004: Cannot use JSX unless the '--jsx' flag is provided.
src/App.tsx(984,31): error TS17004: Cannot use JSX unless the '--jsx' flag is provided.
src/App.tsx(986,29): error TS17004: Cannot use JSX unless the '--jsx' flag is provided.
src/App.tsx(990,31): error TS17004: Cannot use JSX unless the '--jsx' flag is provided.
src/App.tsx(994,25): error TS17004: Cannot use JSX unless the '--jsx' flag is provided.
src/App.tsx(1004,19): error TS17004: Cannot use JSX unless the '--jsx' flag is provided.
src/App.tsx(1008,21): error TS17004: Cannot use JSX unless the '--jsx' flag is provided.
src/App.tsx(1009,21): error TS17004: Cannot use JSX unless the '--jsx' flag is provided.
src/App.tsx(1017,13): error TS17004: Cannot use JSX unless the '--jsx' flag is provided.
src/App.tsx(1025,17): error TS17004: Cannot use JSX unless the '--jsx' flag is provided.
src/App.tsx(1026,19): error TS17004: Cannot use JSX unless the '--jsx' flag is provided.
src/App.tsx(1027,21): error TS17004: Cannot use JSX unless the '--jsx' flag is provided.
src/App.tsx(1029,19): error TS17004: Cannot use JSX unless the '--jsx' flag is provided.
src/App.tsx(1033,19): error TS17004: Cannot use JSX unless the '--jsx' flag is provided.
src/App.tsx(1038,21): error TS17004: Cannot use JSX unless the '--jsx' flag is provided.
src/App.tsx(1039,23): error TS17004: Cannot use JSX unless the '--jsx' flag is provided.
src/App.tsx(1040,25): error TS17004: Cannot use JSX unless the '--jsx' flag is provided.
src/App.tsx(1041,25): error TS17004: Cannot use JSX unless the '--jsx' flag is provided.
src/App.tsx(1045,23): error TS17004: Cannot use JSX unless the '--jsx' flag is provided.
src/App.tsx(1054,13): error TS17004: Cannot use JSX unless the '--jsx' flag is provided.
src/App.tsx(1059,15): error TS17004: Cannot use JSX unless the '--jsx' flag is provided.
src/App.tsx(1060,17): error TS17004: Cannot use JSX unless the '--jsx' flag is provided.
src/App.tsx(1061,17): error TS17004: Cannot use JSX unless the '--jsx' flag is provided.
src/App.tsx(1063,17): error TS17004: Cannot use JSX unless the '--jsx' flag is provided.
src/App.tsx(1064,19): error TS17004: Cannot use JSX unless the '--jsx' flag is provided.
src/App.tsx(1067,19): error TS17004: Cannot use JSX unless the '--jsx' flag is provided.
src/App.tsx(1072,17): error TS17004: Cannot use JSX unless the '--jsx' flag is provided.
src/App.tsx(1073,19): error TS17004: Cannot use JSX unless the '--jsx' flag is provided.
src/App.tsx(1076,19): error TS17004: Cannot use JSX unless the '--jsx' flag is provided.
src/App.tsx(1077,21): error TS17004: Cannot use JSX unless the '--jsx' flag is provided.
src/App.tsx(1085,21): error TS17004: Cannot use JSX unless the '--jsx' flag is provided.
src/App.tsx(1091,17): error TS17004: Cannot use JSX unless the '--jsx' flag is provided.
src/App.tsx(1092,19): error TS17004: Cannot use JSX unless the '--jsx' flag is provided.
src/App.tsx(1093,21): error TS17004: Cannot use JSX unless the '--jsx' flag is provided.
src/App.tsx(1094,21): error TS17004: Cannot use JSX unless the '--jsx' flag is provided.
src/App.tsx(1096,19): error TS17004: Cannot use JSX unless the '--jsx' flag is provided.
src/App.tsx(1097,21): error TS17004: Cannot use JSX unless the '--jsx' flag is provided.
src/App.tsx(1106,17): error TS17004: Cannot use JSX unless the '--jsx' flag is provided.
src/App.tsx(1107,19): error TS17004: Cannot use JSX unless the '--jsx' flag is provided.
src/App.tsx(1108,21): error TS17004: Cannot use JSX unless the '--jsx' flag is provided.
src/App.tsx(1109,21): error TS17004: Cannot use JSX unless the '--jsx' flag is provided.
src/App.tsx(1111,19): error TS17004: Cannot use JSX unless the '--jsx' flag is provided.
src/App.tsx(1112,21): error TS17004: Cannot use JSX unless the '--jsx' flag is provided.
src/App.tsx(1113,21): error TS17004: Cannot use JSX unless the '--jsx' flag is provided.
src/App.tsx(1115,19): error TS17004: Cannot use JSX unless the '--jsx' flag is provided.
src/App.tsx(1116,21): error TS17004: Cannot use JSX unless the '--jsx' flag is provided.
src/App.tsx(1117,21): error TS17004: Cannot use JSX unless the '--jsx' flag is provided.
src/App.tsx(1121,17): error TS17004: Cannot use JSX unless the '--jsx' flag is provided.
src/App.tsx(1122,19): error TS17004: Cannot use JSX unless the '--jsx' flag is provided.
src/App.tsx(1126,21): error TS17004: Cannot use JSX unless the '--jsx' flag is provided.
src/App.tsx(1131,17): error TS17004: Cannot use JSX unless the '--jsx' flag is provided.
src/App.tsx(1132,19): error TS17004: Cannot use JSX unless the '--jsx' flag is provided.
src/App.tsx(1133,21): error TS17004: Cannot use JSX unless the '--jsx' flag is provided.
src/App.tsx(1134,21): error TS17004: Cannot use JSX unless the '--jsx' flag is provided.
src/App.tsx(1136,19): error TS17004: Cannot use JSX unless the '--jsx' flag is provided.
src/App.tsx(1140,25): error TS17004: Cannot use JSX unless the '--jsx' flag is provided.
src/App.tsx(1148,27): error TS17004: Cannot use JSX unless the '--jsx' flag is provided.
src/App.tsx(1149,27): error TS17004: Cannot use JSX unless the '--jsx' flag is provided.
src/App.tsx(1162,13): error TS17004: Cannot use JSX unless the '--jsx' flag is provided.
src/App.tsx(1167,15): error TS17004: Cannot use JSX unless the '--jsx' flag is provided.
src/App.tsx(1168,17): error TS17004: Cannot use JSX unless the '--jsx' flag is provided.
src/App.tsx(1169,19): error TS17004: Cannot use JSX unless the '--jsx' flag is provided.
src/App.tsx(1170,19): error TS17004: Cannot use JSX unless the '--jsx' flag is provided.
src/App.tsx(1172,23): error TS17004: Cannot use JSX unless the '--jsx' flag is provided.
src/App.tsx(1178,17): error TS17004: Cannot use JSX unless the '--jsx' flag is provided.
src/App.tsx(1185,21): error TS17004: Cannot use JSX unless the '--jsx' flag is provided.
src/App.tsx(1198,17): error TS17004: Cannot use JSX unless the '--jsx' flag is provided.
src/App.tsx(1199,19): error TS17004: Cannot use JSX unless the '--jsx' flag is provided.
src/App.tsx(1201,19): error TS17004: Cannot use JSX unless the '--jsx' flag is provided.
src/App.tsx(1202,21): error TS17004: Cannot use JSX unless the '--jsx' flag is provided.
src/App.tsx(1203,21): error TS17004: Cannot use JSX unless the '--jsx' flag is provided.
src/App.tsx(1205,19): error TS17004: Cannot use JSX unless the '--jsx' flag is provided.
src/App.tsx(1206,21): error TS17004: Cannot use JSX unless the '--jsx' flag is provided.
src/App.tsx(1207,21): error TS17004: Cannot use JSX unless the '--jsx' flag is provided.
src/App.tsx(1209,19): error TS17004: Cannot use JSX unless the '--jsx' flag is provided.
src/App.tsx(1210,21): error TS17004: Cannot use JSX unless the '--jsx' flag is provided.
src/App.tsx(1211,21): error TS17004: Cannot use JSX unless the '--jsx' flag is provided.
src/App.tsx(1215,17): error TS17004: Cannot use JSX unless the '--jsx' flag is provided.
src/App.tsx(1216,19): error TS17004: Cannot use JSX unless the '--jsx' flag is provided.
src/App.tsx(1217,21): error TS17004: Cannot use JSX unless the '--jsx' flag is provided.
src/App.tsx(1218,21): error TS17004: Cannot use JSX unless the '--jsx' flag is provided.
src/App.tsx(1219,23): error TS17004: Cannot use JSX unless the '--jsx' flag is provided.
src/App.tsx(1220,23): error TS17004: Cannot use JSX unless the '--jsx' flag is provided.
src/App.tsx(1223,19): error TS17004: Cannot use JSX unless the '--jsx' flag is provided.
src/App.tsx(1228,15): error TS17004: Cannot use JSX unless the '--jsx' flag is provided.
src/App.tsx(1235,19): error TS17004: Cannot use JSX unless the '--jsx' flag is provided.
src/App.tsx(1243,21): error TS17004: Cannot use JSX unless the '--jsx' flag is provided.
src/App.tsx(1244,23): error TS17004: Cannot use JSX unless the '--jsx' flag is provided.
src/App.tsx(1246,21): error TS17004: Cannot use JSX unless the '--jsx' flag is provided.
src/App.tsx(1247,23): error TS17004: Cannot use JSX unless the '--jsx' flag is provided.
src/App.tsx(1248,23): error TS17004: Cannot use JSX unless the '--jsx' flag is provided.
src/App.tsx(1255,15): error TS17004: Cannot use JSX unless the '--jsx' flag is provided.
src/App.tsx(1256,17): error TS17004: Cannot use JSX unless the '--jsx' flag is provided.
src/App.tsx(1257,19): error TS17004: Cannot use JSX unless the '--jsx' flag is provided.
src/App.tsx(1258,19): error TS17004: Cannot use JSX unless the '--jsx' flag is provided.
src/App.tsx(1261,17): error TS17004: Cannot use JSX unless the '--jsx' flag is provided.
src/App.tsx(1282,25): error TS17004: Cannot use JSX unless the '--jsx' flag is provided.
src/App.tsx(1283,27): error TS17004: Cannot use JSX unless the '--jsx' flag is provided.
src/App.tsx(1284,29): error TS17004: Cannot use JSX unless the '--jsx' flag is provided.
src/App.tsx(1285,29): error TS17004: Cannot use JSX unless the '--jsx' flag is provided.
src/App.tsx(1286,29): error TS17004: Cannot use JSX unless the '--jsx' flag is provided.
src/App.tsx(1287,31): error TS17004: Cannot use JSX unless the '--jsx' flag is provided.
src/App.tsx(1287,105): error TS17004: Cannot use JSX unless the '--jsx' flag is provided.
src/App.tsx(1288,31): error TS17004: Cannot use JSX unless the '--jsx' flag is provided.
src/App.tsx(1290,33): error TS17004: Cannot use JSX unless the '--jsx' flag is provided.
src/App.tsx(1291,33): error TS17004: Cannot use JSX unless the '--jsx' flag is provided.
src/App.tsx(1295,41): error TS17004: Cannot use JSX unless the '--jsx' flag is provided.
src/App.tsx(1296,41): error TS17004: Cannot use JSX unless the '--jsx' flag is provided.
src/App.tsx(1310,7): error TS17004: Cannot use JSX unless the '--jsx' flag is provided.
src/App.tsx(1312,11): error TS17004: Cannot use JSX unless the '--jsx' flag is provided.
src/App.tsx(1318,13): error TS17004: Cannot use JSX unless the '--jsx' flag is provided.
src/App.tsx(1319,15): error TS17004: Cannot use JSX unless the '--jsx' flag is provided.
src/App.tsx(1320,17): error TS17004: Cannot use JSX unless the '--jsx' flag is provided.
src/App.tsx(1321,19): error TS17004: Cannot use JSX unless the '--jsx' flag is provided.
src/App.tsx(1323,17): error TS17004: Cannot use JSX unless the '--jsx' flag is provided.
src/App.tsx(1324,19): error TS17004: Cannot use JSX unless the '--jsx' flag is provided.
src/App.tsx(1325,19): error TS17004: Cannot use JSX unless the '--jsx' flag is provided.
src/App.tsx(1328,15): error TS17004: Cannot use JSX unless the '--jsx' flag is provided.
src/App.tsx(1329,17): error TS17004: Cannot use JSX unless the '--jsx' flag is provided.
src/App.tsx(1342,7): error TS17004: Cannot use JSX unless the '--jsx' flag is provided.
src/App.tsx(1343,9): error TS17004: Cannot use JSX unless the '--jsx' flag is provided.
src/App.tsx(1350,11): error TS17004: Cannot use JSX unless the '--jsx' flag is provided.
src/App.tsx(1351,11): error TS17004: Cannot use JSX unless the '--jsx' flag is provided.
src/App.tsx(1353,9): error TS17004: Cannot use JSX unless the '--jsx' flag is provided.
src/App.tsx(1360,11): error TS17004: Cannot use JSX unless the '--jsx' flag is provided.
src/App.tsx(1361,11): error TS17004: Cannot use JSX unless the '--jsx' flag is provided.
src/App.tsx(1363,9): error TS17004: Cannot use JSX unless the '--jsx' flag is provided.
src/App.tsx(1370,11): error TS17004: Cannot use JSX unless the '--jsx' flag is provided.
src/App.tsx(1371,11): error TS17004: Cannot use JSX unless the '--jsx' flag is provided.
src/App.tsx(1373,9): error TS17004: Cannot use JSX unless the '--jsx' flag is provided.
src/App.tsx(1380,11): error TS17004: Cannot use JSX unless the '--jsx' flag is provided.
src/App.tsx(1381,11): error TS17004: Cannot use JSX unless the '--jsx' flag is provided.
src/App.tsx(1386,7): error TS17004: Cannot use JSX unless the '--jsx' flag is provided.
src/App.tsx(1388,11): error TS17004: Cannot use JSX unless the '--jsx' flag is provided.
src/App.tsx(1394,13): error TS17004: Cannot use JSX unless the '--jsx' flag is provided.
src/App.tsx(1400,15): error TS17004: Cannot use JSX unless the '--jsx' flag is provided.
src/App.tsx(1401,17): error TS17004: Cannot use JSX unless the '--jsx' flag is provided.
src/App.tsx(1402,17): error TS17004: Cannot use JSX unless the '--jsx' flag is provided.
src/App.tsx(1405,15): error TS17004: Cannot use JSX unless the '--jsx' flag is provided.
src/App.tsx(1406,17): error TS17004: Cannot use JSX unless the '--jsx' flag is provided.
src/App.tsx(1407,19): error TS17004: Cannot use JSX unless the '--jsx' flag is provided.
src/App.tsx(1408,19): error TS17004: Cannot use JSX unless the '--jsx' flag is provided.
src/App.tsx(1419,15): error TS17004: Cannot use JSX unless the '--jsx' flag is provided.
src/App.tsx(1420,17): error TS17004: Cannot use JSX unless the '--jsx' flag is provided.
src/App.tsx(1430,17): error TS17004: Cannot use JSX unless the '--jsx' flag is provided.
src/App.tsx(1443,7): error TS17004: Cannot use JSX unless the '--jsx' flag is provided.
src/App.tsx(1445,11): error TS17004: Cannot use JSX unless the '--jsx' flag is provided.
src/App.tsx(1451,13): error TS17004: Cannot use JSX unless the '--jsx' flag is provided.
src/App.tsx(1457,15): error TS17004: Cannot use JSX unless the '--jsx' flag is provided.
src/App.tsx(1458,17): error TS17004: Cannot use JSX unless the '--jsx' flag is provided.
src/App.tsx(1459,19): error TS17004: Cannot use JSX unless the '--jsx' flag is provided.
src/App.tsx(1463,15): error TS17004: Cannot use JSX unless the '--jsx' flag is provided.
src/App.tsx(1464,17): error TS17004: Cannot use JSX unless the '--jsx' flag is provided.
src/App.tsx(1465,17): error TS17004: Cannot use JSX unless the '--jsx' flag is provided.
src/App.tsx(1468,15): error TS17004: Cannot use JSX unless the '--jsx' flag is provided.
src/App.tsx(1469,17): error TS17004: Cannot use JSX unless the '--jsx' flag is provided.
src/App.tsx(1470,19): error TS17004: Cannot use JSX unless the '--jsx' flag is provided.
src/App.tsx(1471,19): error TS17004: Cannot use JSX unless the '--jsx' flag is provided.
src/App.tsx(1472,19): error TS17004: Cannot use JSX unless the '--jsx' flag is provided.
src/App.tsx(1473,19): error TS17004: Cannot use JSX unless the '--jsx' flag is provided.
src/App.tsx(1474,21): error TS17004: Cannot use JSX unless the '--jsx' flag is provided.
src/App.tsx(1478,17): error TS17004: Cannot use JSX unless the '--jsx' flag is provided.
src/App.tsx(1479,19): error TS17004: Cannot use JSX unless the '--jsx' flag is provided.
src/App.tsx(1480,19): error TS17004: Cannot use JSX unless the '--jsx' flag is provided.
src/App.tsx(1481,19): error TS17004: Cannot use JSX unless the '--jsx' flag is provided.
src/App.tsx(1485,15): error TS17004: Cannot use JSX unless the '--jsx' flag is provided.
src/App.tsx(1486,17): error TS17004: Cannot use JSX unless the '--jsx' flag is provided.
src/App.tsx(1495,15): error TS17004: Cannot use JSX unless the '--jsx' flag is provided.
src/App.tsx(1496,17): error TS17004: Cannot use JSX unless the '--jsx' flag is provided.
src/App.tsx(1504,7): error TS17004: Cannot use JSX unless the '--jsx' flag is provided.
src/App.tsx(1506,11): error TS17004: Cannot use JSX unless the '--jsx' flag is provided.
src/App.tsx(1512,13): error TS17004: Cannot use JSX unless the '--jsx' flag is provided.
src/App.tsx(1518,15): error TS17004: Cannot use JSX unless the '--jsx' flag is provided.
src/App.tsx(1519,17): error TS17004: Cannot use JSX unless the '--jsx' flag is provided.
src/App.tsx(1520,17): error TS17004: Cannot use JSX unless the '--jsx' flag is provided.
src/App.tsx(1522,15): error TS17004: Cannot use JSX unless the '--jsx' flag is provided.
src/App.tsx(1523,17): error TS17004: Cannot use JSX unless the '--jsx' flag is provided.
src/App.tsx(1532,17): error TS17004: Cannot use JSX unless the '--jsx' flag is provided.
src/App.tsx(1545,7): error TS17004: Cannot use JSX unless the '--jsx' flag is provided.
src/App.tsx(1547,11): error TS17004: Cannot use JSX unless the '--jsx' flag is provided.
src/App.tsx(1553,13): error TS17004: Cannot use JSX unless the '--jsx' flag is provided.
src/App.tsx(1559,15): error TS17004: Cannot use JSX unless the '--jsx' flag is provided.
src/App.tsx(1560,17): error TS17004: Cannot use JSX unless the '--jsx' flag is provided.
src/App.tsx(1561,19): error TS17004: Cannot use JSX unless the '--jsx' flag is provided.
src/App.tsx(1562,19): error TS17004: Cannot use JSX unless the '--jsx' flag is provided.
src/App.tsx(1566,17): error TS17004: Cannot use JSX unless the '--jsx' flag is provided.
src/App.tsx(1570,19): error TS17004: Cannot use JSX unless the '--jsx' flag is provided.
src/App.tsx(1574,15): error TS17004: Cannot use JSX unless the '--jsx' flag is provided.
src/App.tsx(1576,19): error TS17004: Cannot use JSX unless the '--jsx' flag is provided.
src/App.tsx(1577,21): error TS17004: Cannot use JSX unless the '--jsx' flag is provided.
src/App.tsx(1579,23): error TS17004: Cannot use JSX unless the '--jsx' flag is provided.
src/App.tsx(1583,21): error TS17004: Cannot use JSX unless the '--jsx' flag is provided.
src/App.tsx(1585,25): error TS17004: Cannot use JSX unless the '--jsx' flag is provided.
src/App.tsx(1586,27): error TS17004: Cannot use JSX unless the '--jsx' flag is provided.
src/App.tsx(1587,29): error TS17004: Cannot use JSX unless the '--jsx' flag is provided.
src/App.tsx(1591,27): error TS17004: Cannot use JSX unless the '--jsx' flag is provided.
src/App.tsx(1592,29): error TS17004: Cannot use JSX unless the '--jsx' flag is provided.
src/App.tsx(1593,29): error TS17004: Cannot use JSX unless the '--jsx' flag is provided.
src/App.tsx(1594,29): error TS17004: Cannot use JSX unless the '--jsx' flag is provided.
src/App.tsx(1602,17): error TS17004: Cannot use JSX unless the '--jsx' flag is provided.
src/App.tsx(1603,19): error TS17004: Cannot use JSX unless the '--jsx' flag is provided.
src/App.tsx(1621,7): error TS17004: Cannot use JSX unless the '--jsx' flag is provided.
src/App.tsx(1623,11): error TS17004: Cannot use JSX unless the '--jsx' flag is provided.
src/App.tsx(1629,13): error TS17004: Cannot use JSX unless the '--jsx' flag is provided.
src/App.tsx(1630,15): error TS17004: Cannot use JSX unless the '--jsx' flag is provided.
src/App.tsx(1639,15): error TS17004: Cannot use JSX unless the '--jsx' flag is provided.
src/App.tsx(1640,15): error TS17004: Cannot use JSX unless the '--jsx' flag is provided.
src/App.tsx(1667,13): error TS17004: Cannot use JSX unless the '--jsx' flag is provided.
src/App.tsx(1668,15): error TS17004: Cannot use JSX unless the '--jsx' flag is provided.
src/App.tsx(1669,17): error TS17004: Cannot use JSX unless the '--jsx' flag is provided.
src/App.tsx(1670,19): error TS17004: Cannot use JSX unless the '--jsx' flag is provided.
src/App.tsx(1671,19): error TS17004: Cannot use JSX unless the '--jsx' flag is provided.
src/App.tsx(1682,17): error TS17004: Cannot use JSX unless the '--jsx' flag is provided.
src/App.tsx(1683,19): error TS17004: Cannot use JSX unless the '--jsx' flag is provided.
src/App.tsx(1684,19): error TS17004: Cannot use JSX unless the '--jsx' flag is provided.
src/App.tsx(1694,23): error TS17004: Cannot use JSX unless the '--jsx' flag is provided.
src/App.tsx(1709,19): error TS17004: Cannot use JSX unless the '--jsx' flag is provided.
src/App.tsx(1710,21): error TS17004: Cannot use JSX unless the '--jsx' flag is provided.
src/App.tsx(1711,23): error TS17004: Cannot use JSX unless the '--jsx' flag is provided.
src/App.tsx(1712,25): error TS17004: Cannot use JSX unless the '--jsx' flag is provided.
src/App.tsx(1713,25): error TS17004: Cannot use JSX unless the '--jsx' flag is provided.
src/App.tsx(1717,23): error TS17004: Cannot use JSX unless the '--jsx' flag is provided.
src/App.tsx(1725,21): error TS17004: Cannot use JSX unless the '--jsx' flag is provided.
src/App.tsx(1727,25): error TS17004: Cannot use JSX unless the '--jsx' flag is provided.
src/App.tsx(1728,27): error TS17004: Cannot use JSX unless the '--jsx' flag is provided.
src/App.tsx(1729,29): error TS17004: Cannot use JSX unless the '--jsx' flag is provided.
src/App.tsx(1730,29): error TS17004: Cannot use JSX unless the '--jsx' flag is provided.
src/App.tsx(1731,31): error TS17004: Cannot use JSX unless the '--jsx' flag is provided.
src/App.tsx(1744,31): error TS17004: Cannot use JSX unless the '--jsx' flag is provided.
src/App.tsx(1747,27): error TS17004: Cannot use JSX unless the '--jsx' flag is provided.
src/App.tsx(1757,29): error TS17004: Cannot use JSX unless the '--jsx' flag is provided.
src/App.tsx(1763,25): error TS17004: Cannot use JSX unless the '--jsx' flag is provided.
src/App.tsx(1764,27): error TS17004: Cannot use JSX unless the '--jsx' flag is provided.
src/App.tsx(1771,17): error TS17004: Cannot use JSX unless the '--jsx' flag is provided.
src/App.tsx(1772,19): error TS17004: Cannot use JSX unless the '--jsx' flag is provided.
src/App.tsx(1773,21): error TS17004: Cannot use JSX unless the '--jsx' flag is provided.
src/App.tsx(1774,21): error TS17004: Cannot use JSX unless the '--jsx' flag is provided.
src/App.tsx(1776,19): error TS17004: Cannot use JSX unless the '--jsx' flag is provided.
src/App.tsx(1783,21): error TS17004: Cannot use JSX unless the '--jsx' flag is provided.
src/App.tsx(1795,7): error TS17004: Cannot use JSX unless the '--jsx' flag is provided.
src/App.tsx(1797,11): error TS17004: Cannot use JSX unless the '--jsx' flag is provided.
src/App.tsx(1803,13): error TS17004: Cannot use JSX unless the '--jsx' flag is provided.
src/App.tsx(1804,15): error TS17004: Cannot use JSX unless the '--jsx' flag is provided.
src/App.tsx(1805,17): error TS17004: Cannot use JSX unless the '--jsx' flag is provided.
src/App.tsx(1807,15): error TS17004: Cannot use JSX unless the '--jsx' flag is provided.
src/App.tsx(1808,15): error TS17004: Cannot use JSX unless the '--jsx' flag is provided.
src/App.tsx(1811,13): error TS17004: Cannot use JSX unless the '--jsx' flag is provided.
src/App.tsx(1812,15): error TS17004: Cannot use JSX unless the '--jsx' flag is provided.
src/App.tsx(1813,17): error TS17004: Cannot use JSX unless the '--jsx' flag is provided.
src/App.tsx(1814,19): error TS17004: Cannot use JSX unless the '--jsx' flag is provided.
src/App.tsx(1815,19): error TS17004: Cannot use JSX unless the '--jsx' flag is provided.
src/App.tsx(1817,17): error TS17004: Cannot use JSX unless the '--jsx' flag is provided.
src/App.tsx(1820,15): error TS17004: Cannot use JSX unless the '--jsx' flag is provided.
src/App.tsx(1821,17): error TS17004: Cannot use JSX unless the '--jsx' flag is provided.
src/App.tsx(1822,17): error TS17004: Cannot use JSX unless the '--jsx' flag is provided.
src/App.tsx(1850,21): error TS17004: Cannot use JSX unless the '--jsx' flag is provided.
src/App.tsx(1851,23): error TS17004: Cannot use JSX unless the '--jsx' flag is provided.
src/App.tsx(1852,25): error TS17004: Cannot use JSX unless the '--jsx' flag is provided.
src/App.tsx(1853,27): error TS17004: Cannot use JSX unless the '--jsx' flag is provided.
src/App.tsx(1854,27): error TS17004: Cannot use JSX unless the '--jsx' flag is provided.
src/App.tsx(1856,25): error TS17004: Cannot use JSX unless the '--jsx' flag is provided.
src/App.tsx(1857,27): error TS17004: Cannot use JSX unless the '--jsx' flag is provided.
src/App.tsx(1864,23): error TS17004: Cannot use JSX unless the '--jsx' flag is provided.
src/App.tsx(1866,27): error TS17004: Cannot use JSX unless the '--jsx' flag is provided.
src/App.tsx(1869,23): error TS17004: Cannot use JSX unless the '--jsx' flag is provided.
src/App.tsx(1876,25): error TS17004: Cannot use JSX unless the '--jsx' flag is provided.
src/App.tsx(1888,7): error TS17004: Cannot use JSX unless the '--jsx' flag is provided.
src/App.tsx(1890,11): error TS17004: Cannot use JSX unless the '--jsx' flag is provided.
src/App.tsx(1891,13): error TS17004: Cannot use JSX unless the '--jsx' flag is provided.
src/App.tsx(1897,15): error TS17004: Cannot use JSX unless the '--jsx' flag is provided.
src/App.tsx(1898,17): error TS17004: Cannot use JSX unless the '--jsx' flag is provided.
src/App.tsx(1900,15): error TS17004: Cannot use JSX unless the '--jsx' flag is provided.
src/App.tsx(1901,17): error TS17004: Cannot use JSX unless the '--jsx' flag is provided.
src/App.tsx(1902,17): error TS17004: Cannot use JSX unless the '--jsx' flag is provided.
src/App.tsx(1904,15): error TS17004: Cannot use JSX unless the '--jsx' flag is provided.
src/App.tsx(1905,17): error TS17004: Cannot use JSX unless the '--jsx' flag is provided.
src/App.tsx(1911,17): error TS17004: Cannot use JSX unless the '--jsx' flag is provided.
src/App.tsx(1926,7): error TS17004: Cannot use JSX unless the '--jsx' flag is provided.
src/App.tsx(1928,11): error TS17004: Cannot use JSX unless the '--jsx' flag is provided.
src/App.tsx(1934,13): error TS17004: Cannot use JSX unless the '--jsx' flag is provided.
src/App.tsx(1935,15): error TS17004: Cannot use JSX unless the '--jsx' flag is provided.
src/App.tsx(1936,17): error TS17004: Cannot use JSX unless the '--jsx' flag is provided.
src/App.tsx(1938,15): error TS17004: Cannot use JSX unless the '--jsx' flag is provided.
src/App.tsx(1939,17): error TS17004: Cannot use JSX unless the '--jsx' flag is provided.
src/App.tsx(1940,17): error TS17004: Cannot use JSX unless the '--jsx' flag is provided.
src/App.tsx(1948,19): error TS17004: Cannot use JSX unless the '--jsx' flag is provided.
src/App.tsx(1949,21): error TS17004: Cannot use JSX unless the '--jsx' flag is provided.
src/App.tsx(1954,13): error TS17004: Cannot use JSX unless the '--jsx' flag is provided.
src/App.tsx(1956,17): error TS17004: Cannot use JSX unless the '--jsx' flag is provided.
src/App.tsx(1961,19): error TS17004: Cannot use JSX unless the '--jsx' flag is provided.
src/App.tsx(1983,21): error TS17004: Cannot use JSX unless the '--jsx' flag is provided.
src/App.tsx(1984,23): error TS17004: Cannot use JSX unless the '--jsx' flag is provided.
src/App.tsx(1985,23): error TS17004: Cannot use JSX unless the '--jsx' flag is provided.
src/App.tsx(1987,21): error TS17004: Cannot use JSX unless the '--jsx' flag is provided.
src/App.tsx(1997,7): error TS17004: Cannot use JSX unless the '--jsx' flag is provided.
src/App.tsx(1999,11): error TS17004: Cannot use JSX unless the '--jsx' flag is provided.
src/App.tsx(2005,13): error TS17004: Cannot use JSX unless the '--jsx' flag is provided.
src/App.tsx(2006,15): error TS17004: Cannot use JSX unless the '--jsx' flag is provided.
src/App.tsx(2006,81): error TS17004: Cannot use JSX unless the '--jsx' flag is provided.
src/App.tsx(2007,15): error TS17004: Cannot use JSX unless the '--jsx' flag is provided.
src/App.tsx(2008,15): error TS17004: Cannot use JSX unless the '--jsx' flag is provided.
src/App.tsx(2010,13): error TS17004: Cannot use JSX unless the '--jsx' flag is provided.
src/App.tsx(2011,15): error TS17004: Cannot use JSX unless the '--jsx' flag is provided.
src/App.tsx(2012,17): error TS17004: Cannot use JSX unless the '--jsx' flag is provided.
src/App.tsx(2013,17): error TS17004: Cannot use JSX unless the '--jsx' flag is provided.
src/App.tsx(2015,15): error TS17004: Cannot use JSX unless the '--jsx' flag is provided.
src/App.tsx(2016,17): error TS17004: Cannot use JSX unless the '--jsx' flag is provided.
src/App.tsx(2017,17): error TS17004: Cannot use JSX unless the '--jsx' flag is provided.
src/App.tsx(2019,15): error TS17004: Cannot use JSX unless the '--jsx' flag is provided.
src/App.tsx(2020,17): error TS17004: Cannot use JSX unless the '--jsx' flag is provided.
src/App.tsx(2021,17): error TS17004: Cannot use JSX unless the '--jsx' flag is provided.
src/App.tsx(2023,15): error TS17004: Cannot use JSX unless the '--jsx' flag is provided.
src/App.tsx(2024,17): error TS17004: Cannot use JSX unless the '--jsx' flag is provided.
src/App.tsx(2025,19): error TS17004: Cannot use JSX unless the '--jsx' flag is provided.
src/App.tsx(2026,19): error TS17004: Cannot use JSX unless the '--jsx' flag is provided.
src/App.tsx(2028,17): error TS17004: Cannot use JSX unless the '--jsx' flag is provided.
src/App.tsx(2029,19): error TS17004: Cannot use JSX unless the '--jsx' flag is provided.
src/App.tsx(2030,19): error TS17004: Cannot use JSX unless the '--jsx' flag is provided.
src/App.tsx(2033,15): error TS17004: Cannot use JSX unless the '--jsx' flag is provided.
src/App.tsx(2034,17): error TS17004: Cannot use JSX unless the '--jsx' flag is provided.
src/App.tsx(2035,17): error TS17004: Cannot use JSX unless the '--jsx' flag is provided.
src/App.tsx(2037,21): error TS17004: Cannot use JSX unless the '--jsx' flag is provided.
src/App.tsx(2046,19): error TS17004: Cannot use JSX unless the '--jsx' flag is provided.
src/App.tsx(2049,15): error TS17004: Cannot use JSX unless the '--jsx' flag is provided.
src/App.tsx(2050,17): error TS17004: Cannot use JSX unless the '--jsx' flag is provided.
src/App.tsx(2051,17): error TS17004: Cannot use JSX unless the '--jsx' flag is provided.
src/App.tsx(2053,15): error TS17004: Cannot use JSX unless the '--jsx' flag is provided.
src/App.tsx(2086,7): error TS17004: Cannot use JSX unless the '--jsx' flag is provided.
src/App.tsx(2088,11): error TS17004: Cannot use JSX unless the '--jsx' flag is provided.
src/App.tsx(2094,13): error TS17004: Cannot use JSX unless the '--jsx' flag is provided.
src/App.tsx(2095,15): error TS17004: Cannot use JSX unless the '--jsx' flag is provided.
src/App.tsx(2095,81): error TS17004: Cannot use JSX unless the '--jsx' flag is provided.
src/App.tsx(2096,15): error TS17004: Cannot use JSX unless the '--jsx' flag is provided.
src/App.tsx(2097,15): error TS17004: Cannot use JSX unless the '--jsx' flag is provided.
src/App.tsx(2099,13): error TS17004: Cannot use JSX unless the '--jsx' flag is provided.
src/App.tsx(2100,15): error TS17004: Cannot use JSX unless the '--jsx' flag is provided.
src/App.tsx(2101,17): error TS17004: Cannot use JSX unless the '--jsx' flag is provided.
src/App.tsx(2102,19): error TS17004: Cannot use JSX unless the '--jsx' flag is provided.
src/App.tsx(2103,19): error TS17004: Cannot use JSX unless the '--jsx' flag is provided.
src/App.tsx(2105,17): error TS17004: Cannot use JSX unless the '--jsx' flag is provided.
src/App.tsx(2106,19): error TS17004: Cannot use JSX unless the '--jsx' flag is provided.
src/App.tsx(2107,19): error TS17004: Cannot use JSX unless the '--jsx' flag is provided.
src/App.tsx(2110,15): error TS17004: Cannot use JSX unless the '--jsx' flag is provided.
src/App.tsx(2111,17): error TS17004: Cannot use JSX unless the '--jsx' flag is provided.
src/App.tsx(2112,17): error TS17004: Cannot use JSX unless the '--jsx' flag is provided.
src/App.tsx(2114,15): error TS17004: Cannot use JSX unless the '--jsx' flag is provided.
src/App.tsx(2115,17): error TS17004: Cannot use JSX unless the '--jsx' flag is provided.
src/App.tsx(2116,17): error TS17004: Cannot use JSX unless the '--jsx' flag is provided.
src/App.tsx(2118,15): error TS17004: Cannot use JSX unless the '--jsx' flag is provided.
src/App.tsx(2139,7): error TS17004: Cannot use JSX unless the '--jsx' flag is provided.
src/App.tsx(2141,11): error TS17004: Cannot use JSX unless the '--jsx' flag is provided.
src/App.tsx(2147,13): error TS17004: Cannot use JSX unless the '--jsx' flag is provided.
src/App.tsx(2148,15): error TS17004: Cannot use JSX unless the '--jsx' flag is provided.
src/App.tsx(2148,79): error TS17004: Cannot use JSX unless the '--jsx' flag is provided.
src/App.tsx(2149,15): error TS17004: Cannot use JSX unless the '--jsx' flag is provided.
src/App.tsx(2150,15): error TS17004: Cannot use JSX unless the '--jsx' flag is provided.
src/App.tsx(2152,13): error TS17004: Cannot use JSX unless the '--jsx' flag is provided.
src/App.tsx(2153,15): error TS17004: Cannot use JSX unless the '--jsx' flag is provided.
src/App.tsx(2154,17): error TS17004: Cannot use JSX unless the '--jsx' flag is provided.
src/App.tsx(2155,17): error TS17004: Cannot use JSX unless the '--jsx' flag is provided.
src/App.tsx(2156,19): error TS17004: Cannot use JSX unless the '--jsx' flag is provided.
src/App.tsx(2157,19): error TS17004: Cannot use JSX unless the '--jsx' flag is provided.
src/App.tsx(2160,15): error TS17004: Cannot use JSX unless the '--jsx' flag is provided.
src/App.tsx(2161,17): error TS17004: Cannot use JSX unless the '--jsx' flag is provided.
src/App.tsx(2162,17): error TS17004: Cannot use JSX unless the '--jsx' flag is provided.
src/App.tsx(2164,15): error TS17004: Cannot use JSX unless the '--jsx' flag is provided.
src/App.tsx(2186,7): error TS17004: Cannot use JSX unless the '--jsx' flag is provided.
src/App.tsx(2188,11): error TS17004: Cannot use JSX unless the '--jsx' flag is provided.
src/App.tsx(2194,13): error TS17004: Cannot use JSX unless the '--jsx' flag is provided.
src/App.tsx(2195,15): error TS17004: Cannot use JSX unless the '--jsx' flag is provided.
src/App.tsx(2195,79): error TS17004: Cannot use JSX unless the '--jsx' flag is provided.
src/App.tsx(2196,15): error TS17004: Cannot use JSX unless the '--jsx' flag is provided.
src/App.tsx(2197,15): error TS17004: Cannot use JSX unless the '--jsx' flag is provided.
src/App.tsx(2199,13): error TS17004: Cannot use JSX unless the '--jsx' flag is provided.
src/App.tsx(2200,15): error TS17004: Cannot use JSX unless the '--jsx' flag is provided.
src/App.tsx(2201,17): error TS17004: Cannot use JSX unless the '--jsx' flag is provided.
src/App.tsx(2202,17): error TS17004: Cannot use JSX unless the '--jsx' flag is provided.
src/App.tsx(2204,15): error TS17004: Cannot use JSX unless the '--jsx' flag is provided.
src/App.tsx(2205,17): error TS17004: Cannot use JSX unless the '--jsx' flag is provided.
src/App.tsx(2206,17): error TS17004: Cannot use JSX unless the '--jsx' flag is provided.
src/App.tsx(2208,15): error TS17004: Cannot use JSX unless the '--jsx' flag is provided.
src/App.tsx(2209,17): error TS17004: Cannot use JSX unless the '--jsx' flag is provided.
src/App.tsx(2210,17): error TS17004: Cannot use JSX unless the '--jsx' flag is provided.
src/App.tsx(2212,15): error TS17004: Cannot use JSX unless the '--jsx' flag is provided.
src/App.tsx(2213,17): error TS17004: Cannot use JSX unless the '--jsx' flag is provided.
src/App.tsx(2214,19): error TS17004: Cannot use JSX unless the '--jsx' flag is provided.
src/App.tsx(2215,19): error TS17004: Cannot use JSX unless the '--jsx' flag is provided.
src/App.tsx(2217,17): error TS17004: Cannot use JSX unless the '--jsx' flag is provided.
src/App.tsx(2218,19): error TS17004: Cannot use JSX unless the '--jsx' flag is provided.
src/App.tsx(2219,19): error TS17004: Cannot use JSX unless the '--jsx' flag is provided.
src/App.tsx(2222,15): error TS17004: Cannot use JSX unless the '--jsx' flag is provided.
src/App.tsx(2223,17): error TS17004: Cannot use JSX unless the '--jsx' flag is provided.
src/App.tsx(2224,17): error TS17004: Cannot use JSX unless the '--jsx' flag is provided.
src/App.tsx(2226,21): error TS17004: Cannot use JSX unless the '--jsx' flag is provided.
src/App.tsx(2235,19): error TS17004: Cannot use JSX unless the '--jsx' flag is provided.
src/App.tsx(2238,15): error TS17004: Cannot use JSX unless the '--jsx' flag is provided.
src/App.tsx(2239,17): error TS17004: Cannot use JSX unless the '--jsx' flag is provided.
src/App.tsx(2240,17): error TS17004: Cannot use JSX unless the '--jsx' flag is provided.
src/App.tsx(2242,15): error TS17004: Cannot use JSX unless the '--jsx' flag is provided.
src/App.tsx(2275,7): error TS17004: Cannot use JSX unless the '--jsx' flag is provided.
src/App.tsx(2277,11): error TS17004: Cannot use JSX unless the '--jsx' flag is provided.
src/App.tsx(2283,13): error TS17004: Cannot use JSX unless the '--jsx' flag is provided.
src/App.tsx(2284,15): error TS17004: Cannot use JSX unless the '--jsx' flag is provided.
src/App.tsx(2284,106): error TS17004: Cannot use JSX unless the '--jsx' flag is provided.
src/App.tsx(2285,15): error TS17004: Cannot use JSX unless the '--jsx' flag is provided.
src/App.tsx(2286,15): error TS17004: Cannot use JSX unless the '--jsx' flag is provided.
src/App.tsx(2290,13): error TS17004: Cannot use JSX unless the '--jsx' flag is provided.
src/App.tsx(2298,17): error TS17004: Cannot use JSX unless the '--jsx' flag is provided.
src/App.tsx(2306,19): error TS17004: Cannot use JSX unless the '--jsx' flag is provided.
src/App.tsx(2308,43): error TS17004: Cannot use JSX unless the '--jsx' flag is provided.
src/App.tsx(2313,13): error TS17004: Cannot use JSX unless the '--jsx' flag is provided.
src/App.tsx(2315,17): error TS17004: Cannot use JSX unless the '--jsx' flag is provided.
src/App.tsx(2316,19): error TS17004: Cannot use JSX unless the '--jsx' flag is provided.
src/App.tsx(2317,21): error TS17004: Cannot use JSX unless the '--jsx' flag is provided.
src/App.tsx(2318,21): error TS17004: Cannot use JSX unless the '--jsx' flag is provided.
src/App.tsx(2325,19): error TS17004: Cannot use JSX unless the '--jsx' flag is provided.
src/App.tsx(2327,23): error TS17004: Cannot use JSX unless the '--jsx' flag is provided.
src/App.tsx(2328,25): error TS17004: Cannot use JSX unless the '--jsx' flag is provided.
src/App.tsx(2329,27): error TS17004: Cannot use JSX unless the '--jsx' flag is provided.
src/App.tsx(2330,57): error TS17004: Cannot use JSX unless the '--jsx' flag is provided.
src/App.tsx(2330,90): error TS17004: Cannot use JSX unless the '--jsx' flag is provided.
src/App.tsx(2332,27): error TS17004: Cannot use JSX unless the '--jsx' flag is provided.
src/App.tsx(2333,29): error TS17004: Cannot use JSX unless the '--jsx' flag is provided.
src/App.tsx(2334,29): error TS17004: Cannot use JSX unless the '--jsx' flag is provided.
src/App.tsx(2339,25): error TS17004: Cannot use JSX unless the '--jsx' flag is provided.
src/App.tsx(2340,27): error TS17004: Cannot use JSX unless the '--jsx' flag is provided.
src/App.tsx(2347,29): error TS17004: Cannot use JSX unless the '--jsx' flag is provided.
src/App.tsx(2349,27): error TS17004: Cannot use JSX unless the '--jsx' flag is provided.
src/App.tsx(2353,29): error TS17004: Cannot use JSX unless the '--jsx' flag is provided.
src/App.tsx(2363,17): error TS17004: Cannot use JSX unless the '--jsx' flag is provided.
src/App.tsx(2364,19): error TS17004: Cannot use JSX unless the '--jsx' flag is provided.
src/App.tsx(2365,21): error TS17004: Cannot use JSX unless the '--jsx' flag is provided.
src/App.tsx(2366,21): error TS17004: Cannot use JSX unless the '--jsx' flag is provided.
src/App.tsx(2371,19): error TS17004: Cannot use JSX unless the '--jsx' flag is provided.
src/App.tsx(2373,23): error TS17004: Cannot use JSX unless the '--jsx' flag is provided.
src/App.tsx(2374,25): error TS17004: Cannot use JSX unless the '--jsx' flag is provided.
src/App.tsx(2375,27): error TS17004: Cannot use JSX unless the '--jsx' flag is provided.
src/App.tsx(2377,25): error TS17004: Cannot use JSX unless the '--jsx' flag is provided.
src/App.tsx(2381,25): error TS17004: Cannot use JSX unless the '--jsx' flag is provided.
src/App.tsx(2387,27): error TS17004: Cannot use JSX unless the '--jsx' flag is provided.
src/App.tsx(2388,29): error TS17004: Cannot use JSX unless the '--jsx' flag is provided.
src/App.tsx(2389,31): error TS17004: Cannot use JSX unless the '--jsx' flag is provided.
src/App.tsx(2390,31): error TS17004: Cannot use JSX unless the '--jsx' flag is provided.
src/App.tsx(2391,31): error TS17004: Cannot use JSX unless the '--jsx' flag is provided.
src/App.tsx(2393,29): error TS17004: Cannot use JSX unless the '--jsx' flag is provided.
src/App.tsx(2394,31): error TS17004: Cannot use JSX unless the '--jsx' flag is provided.
src/App.tsx(2395,31): error TS17004: Cannot use JSX unless the '--jsx' flag is provided.
src/App.tsx(2399,27): error TS17004: Cannot use JSX unless the '--jsx' flag is provided.
src/App.tsx(2401,31): error TS17004: Cannot use JSX unless the '--jsx' flag is provided.
src/App.tsx(2402,33): error TS17004: Cannot use JSX unless the '--jsx' flag is provided.
src/App.tsx(2403,33): error TS17004: Cannot use JSX unless the '--jsx' flag is provided.
src/App.tsx(2408,27): error TS17004: Cannot use JSX unless the '--jsx' flag is provided.
src/App.tsx(2409,29): error TS17004: Cannot use JSX unless the '--jsx' flag is provided.
src/App.tsx(2418,29): error TS17004: Cannot use JSX unless the '--jsx' flag is provided.
src/App.tsx(2433,17): error TS17004: Cannot use JSX unless the '--jsx' flag is provided.
src/App.tsx(2434,19): error TS17004: Cannot use JSX unless the '--jsx' flag is provided.
src/App.tsx(2435,21): error TS17004: Cannot use JSX unless the '--jsx' flag is provided.
src/App.tsx(2439,19): error TS17004: Cannot use JSX unless the '--jsx' flag is provided.
src/App.tsx(2440,21): error TS17004: Cannot use JSX unless the '--jsx' flag is provided.
src/App.tsx(2441,21): error TS17004: Cannot use JSX unless the '--jsx' flag is provided.
src/App.tsx(2442,23): error TS17004: Cannot use JSX unless the '--jsx' flag is provided.
src/App.tsx(2443,23): error TS17004: Cannot use JSX unless the '--jsx' flag is provided.
src/App.tsx(2444,25): error TS17004: Cannot use JSX unless the '--jsx' flag is provided.
src/App.tsx(2445,27): error TS17004: Cannot use JSX unless the '--jsx' flag is provided.
src/App.tsx(2446,27): error TS17004: Cannot use JSX unless the '--jsx' flag is provided.
src/App.tsx(2447,27): error TS17004: Cannot use JSX unless the '--jsx' flag is provided.
src/App.tsx(2448,27): error TS17004: Cannot use JSX unless the '--jsx' flag is provided.
src/App.tsx(2449,27): error TS17004: Cannot use JSX unless the '--jsx' flag is provided.
src/App.tsx(2451,25): error TS17004: Cannot use JSX unless the '--jsx' flag is provided.
src/App.tsx(2452,27): error TS17004: Cannot use JSX unless the '--jsx' flag is provided.
src/App.tsx(2453,27): error TS17004: Cannot use JSX unless the '--jsx' flag is provided.
src/App.tsx(2454,27): error TS17004: Cannot use JSX unless the '--jsx' flag is provided.
src/App.tsx(2455,27): error TS17004: Cannot use JSX unless the '--jsx' flag is provided.
src/App.tsx(2458,23): error TS17004: Cannot use JSX unless the '--jsx' flag is provided.
src/App.tsx(2475,19): error TS17004: Cannot use JSX unless the '--jsx' flag is provided.
src/App.tsx(2477,23): error TS17004: Cannot use JSX unless the '--jsx' flag is provided.
src/App.tsx(2478,25): error TS17004: Cannot use JSX unless the '--jsx' flag is provided.
src/App.tsx(2479,27): error TS17004: Cannot use JSX unless the '--jsx' flag is provided.
src/App.tsx(2480,27): error TS17004: Cannot use JSX unless the '--jsx' flag is provided.
src/App.tsx(2482,25): error TS17004: Cannot use JSX unless the '--jsx' flag is provided.
src/App.tsx(2483,27): error TS17004: Cannot use JSX unless the '--jsx' flag is provided.
src/App.tsx(2488,23): error TS17004: Cannot use JSX unless the '--jsx' flag is provided.
src/App.tsx(2489,25): error TS17004: Cannot use JSX unless the '--jsx' flag is provided.
src/App.tsx(2490,27): error TS17004: Cannot use JSX unless the '--jsx' flag is provided.
src/App.tsx(2491,27): error TS17004: Cannot use JSX unless the '--jsx' flag is provided.
src/App.tsx(2493,25): error TS17004: Cannot use JSX unless the '--jsx' flag is provided.
src/App.tsx(2501,17): error TS17004: Cannot use JSX unless the '--jsx' flag is provided.
src/App.tsx(2502,19): error TS17004: Cannot use JSX unless the '--jsx' flag is provided.
src/App.tsx(2503,21): error TS17004: Cannot use JSX unless the '--jsx' flag is provided.
src/App.tsx(2504,23): error TS17004: Cannot use JSX unless the '--jsx' flag is provided.
src/App.tsx(2505,25): error TS17004: Cannot use JSX unless the '--jsx' flag is provided.
src/App.tsx(2507,23): error TS17004: Cannot use JSX unless the '--jsx' flag is provided.
src/App.tsx(2508,25): error TS17004: Cannot use JSX unless the '--jsx' flag is provided.
src/App.tsx(2509,25): error TS17004: Cannot use JSX unless the '--jsx' flag is provided.
src/App.tsx(2513,21): error TS17004: Cannot use JSX unless the '--jsx' flag is provided.
src/App.tsx(2514,23): error TS17004: Cannot use JSX unless the '--jsx' flag is provided.
src/App.tsx(2515,25): error TS17004: Cannot use JSX unless the '--jsx' flag is provided.
src/App.tsx(2516,25): error TS17004: Cannot use JSX unless the '--jsx' flag is provided.
src/App.tsx(2517,27): error TS17004: Cannot use JSX unless the '--jsx' flag is provided.
src/App.tsx(2518,27): error TS17004: Cannot use JSX unless the '--jsx' flag is provided.
src/App.tsx(2522,23): error TS17004: Cannot use JSX unless the '--jsx' flag is provided.
src/App.tsx(2523,25): error TS17004: Cannot use JSX unless the '--jsx' flag is provided.
src/App.tsx(2524,25): error TS17004: Cannot use JSX unless the '--jsx' flag is provided.
src/App.tsx(2525,27): error TS17004: Cannot use JSX unless the '--jsx' flag is provided.
src/App.tsx(2526,29): error TS17004: Cannot use JSX unless the '--jsx' flag is provided.
src/App.tsx(2527,29): error TS17004: Cannot use JSX unless the '--jsx' flag is provided.
src/App.tsx(2529,27): error TS17004: Cannot use JSX unless the '--jsx' flag is provided.
src/App.tsx(2530,29): error TS17004: Cannot use JSX unless the '--jsx' flag is provided.
src/App.tsx(2531,29): error TS17004: Cannot use JSX unless the '--jsx' flag is provided.
src/App.tsx(2536,23): error TS17004: Cannot use JSX unless the '--jsx' flag is provided.
src/App.tsx(2545,19): error TS17004: Cannot use JSX unless the '--jsx' flag is provided.
src/App.tsx(2546,21): error TS17004: Cannot use JSX unless the '--jsx' flag is provided.
src/App.tsx(2547,21): error TS17004: Cannot use JSX unless the '--jsx' flag is provided.
src/App.tsx(2549,25): error TS17004: Cannot use JSX unless the '--jsx' flag is provided.
src/App.tsx(2550,27): error TS17004: Cannot use JSX unless the '--jsx' flag is provided.
src/App.tsx(2551,27): error TS17004: Cannot use JSX unless the '--jsx' flag is provided.
src/App.tsx(2560,17): error TS17004: Cannot use JSX unless the '--jsx' flag is provided.
src/App.tsx(2561,19): error TS17004: Cannot use JSX unless the '--jsx' flag is provided.
src/App.tsx(2562,21): error TS17004: Cannot use JSX unless the '--jsx' flag is provided.
src/App.tsx(2563,21): error TS17004: Cannot use JSX unless the '--jsx' flag is provided.
src/App.tsx(2569,25): error TS17004: Cannot use JSX unless the '--jsx' flag is provided.
src/App.tsx(2570,27): error TS17004: Cannot use JSX unless the '--jsx' flag is provided.
src/App.tsx(2571,27): error TS17004: Cannot use JSX unless the '--jsx' flag is provided.
src/App.tsx(2572,29): error TS17004: Cannot use JSX unless the '--jsx' flag is provided.
src/App.tsx(2579,19): error TS17004: Cannot use JSX unless the '--jsx' flag is provided.
src/App.tsx(2580,21): error TS17004: Cannot use JSX unless the '--jsx' flag is provided.
src/App.tsx(2581,23): error TS17004: Cannot use JSX unless the '--jsx' flag is provided.
src/App.tsx(2582,25): error TS17004: Cannot use JSX unless the '--jsx' flag is provided.
src/App.tsx(2584,23): error TS17004: Cannot use JSX unless the '--jsx' flag is provided.
src/App.tsx(2585,25): error TS17004: Cannot use JSX unless the '--jsx' flag is provided.
src/App.tsx(2586,25): error TS17004: Cannot use JSX unless the '--jsx' flag is provided.
src/lib/supabase.ts(3,22): error TS1343: The 'import.meta' meta-property is only allowed when the '--module' option is 'es2020', 'es2022', 'esnext', 'system', 'node16', 'node18', or 'nodenext'.
src/lib/supabase.ts(4,26): error TS1343: The 'import.meta' meta-property is only allowed when the '--module' option is 'es2020', 'es2022', 'esnext', 'system', 'node16', 'node18', or 'nodenext'.
